stm32f3xx_ll_tim.h:1353:22:LL_TIM_EnableCounter	16	static
stm32f3xx_ll_tim.h:1364:22:LL_TIM_DisableCounter	16	static
stm32f3xx_ll_tim.h:1604:22:LL_TIM_SetCounter	16	static
stm32f3xx_ll_tim.h:1617:26:LL_TIM_GetCounter	16	static
genkat_aead.c:160:5:genkat_aead_funct	16	static
genkat_aead.c:247:5:hash_generate_test_vectors	1088	static
genkat_aead.c:283:6:init_buffer	40	static
genkat_aead.c:291:6:tick_msr_start	8	static
genkat_aead.c:299:10:tick_msr_end	8	static
genkat_aead.c:305:6:lwc_printf	16	static
