stm32f3xx_ll_rcc.h:1086:22:LL_RCC_HSI_Enable	4	static
stm32f3xx_ll_rcc.h:1106:26:LL_RCC_HSI_IsReady	4	static
stm32f3xx_ll_rcc.h:1132:22:LL_RCC_HSI_SetCalibTrimming	16	static
stm32f3xx_ll_rcc.h:1290:22:LL_RCC_SetSysClkSource	16	static
stm32f3xx_ll_rcc.h:1303:26:LL_RCC_GetSysClkSource	4	static
stm32f3xx_ll_rcc.h:1323:22:LL_RCC_SetAHBPrescaler	16	static
stm32f3xx_ll_rcc.h:1339:22:LL_RCC_SetAPB1Prescaler	16	static
stm32f3xx_ll_rcc.h:1355:22:LL_RCC_SetAPB2Prescaler	16	static
stm32f3xx_ll_rcc.h:1490:22:LL_RCC_SetUSARTClockSource	16	static
stm32f3xx_ll_rcc.h:2174:22:LL_RCC_PLL_Enable	4	static
stm32f3xx_ll_rcc.h:2195:26:LL_RCC_PLL_IsReady	4	static
stm32f3xx_ll_rcc.h:2293:22:LL_RCC_PLL_ConfigDomain_SYS	16	static
stm32f3xx_ll_bus.h:287:22:LL_AHB1_GRP1_EnableClock	24	static
stm32f3xx_ll_bus.h:537:22:LL_APB1_GRP1_EnableClock	24	static
stm32f3xx_ll_system.h:1618:22:LL_FLASH_SetLatency	16	static
stm32f3xx_ll_system.h:1631:26:LL_FLASH_GetLatency	4	static
stm32f3xx_ll_tim.h:1353:22:LL_TIM_EnableCounter	16	static
stm32f3xx_ll_tim.h:1364:22:LL_TIM_DisableCounter	16	static
stm32f3xx_ll_tim.h:1544:22:LL_TIM_DisableARRPreload	16	static
stm32f3xx_ll_tim.h:1604:22:LL_TIM_SetCounter	16	static
stm32f3xx_ll_tim.h:1617:26:LL_TIM_GetCounter	16	static
stm32f3xx_ll_tim.h:3305:22:LL_TIM_SetClockSource	16	static
stm32f3xx_ll_tim.h:3351:22:LL_TIM_SetTriggerOutput	16	static
stm32f3xx_ll_tim.h:3451:22:LL_TIM_DisableMasterSlaveMode	16	static
main.c:74:5:main	24	static
main.c:144:6:SystemClock_Config	8	static
main.c:191:13:MX_TIM2_Init	32	static
main.c:226:13:MX_USART1_UART_Init	8	static
main.c:261:13:MX_GPIO_Init	8	static
main.c:278:6:Error_Handler	4	static,ignoring_inline_asm
